// Jest Snapshot v1, https://goo.gl/fbAQLP

exports[`TaskDetails.vue renders task name when a task is selected 1`] = `
<div
  class="task-detail"
>
  <h4
    class="task-title"
  >
    Test Task
  </h4>
  <div>
    <q-form>
      
      
      <q-btn
        class="form-submit"
        label="Submit"
        type="submit"
      />
    </q-form>
  </div>
</div>
`;
